t=0  Top.VDD  0x1
t=0  Top.INIT  0x1
t=0  Top.FRQ  0x040000000
t=12  Top.QD_  0x30000
t=500  Top.CLK  0x1
t=1000  Top.INIT  0x0
t=1000  Top.CLK  0x0
t=1500  Top.CLK  0x1
t=2000  Top.CLK  0x0
t=2500  Top.CLK  0x1
t=3000  Top.CLK  0x0
t=3500  Top.CLK  0x1
t=4000  Top.CLK  0x0
t=4500  Top.CLK  0x1
t=5000  Top.CLK  0x0
t=5500  Top.CLK  0x1
t=6000  Top.CLK  0x0
t=6500  Top.CLK  0x1
t=7000  Top.CLK  0x0
t=7500  Top.CLK  0x1
t=8000  Top.CLK  0x0
t=8500  Top.CLK  0x1
t=9000  Top.CLK  0x0
t=9500  Top.CLK  0x1
t=10000  Top.CLK  0x0
t=10500  Top.CLK  0x1
t=11000  Top.CLK  0x0
t=11500  Top.CLK  0x1
t=12000  Top.CLK  0x0
t=12500  Top.CLK  0x1
t=13000  Top.CLK  0x0
t=13500  Top.CLK  0x1
t=14000  Top.CLK  0x0
t=14500  Top.CLK  0x1
t=15000  Top.CLK  0x0
t=15500  Top.CLK  0x1
t=16000  Top.CLK  0x0
t=16500  Top.CLK  0x1
t=17000  Top.CLK  0x0
t=17500  Top.CLK  0x1
t=18000  Top.CLK  0x0
t=18500  Top.CLK  0x1
t=19000  Top.CLK  0x0
t=19500  Top.CLK  0x1
t=20000  Top.CLK  0x0
t=20500  Top.CLK  0x1
t=21000  Top.CLK  0x0
t=21500  Top.CLK  0x1
t=22000  Top.CLK  0x0
t=22500  Top.CLK  0x1
t=23000  Top.CLK  0x0
t=23500  Top.CLK  0x1
t=24000  Top.CLK  0x0
t=24500  Top.CLK  0x1
t=25000  Top.CLK  0x0
t=25500  Top.CLK  0x1
t=26000  Top.CLK  0x0
t=26500  Top.CLK  0x1
t=27000  Top.CLK  0x0
t=27500  Top.CLK  0x1
t=28000  Top.CLK  0x0
t=28500  Top.CLK  0x1
t=29000  Top.CLK  0x0
t=29500  Top.CLK  0x1
t=30000  Top.CLK  0x0
t=30500  Top.CLK  0x1
t=31000  Top.CLK  0x0
t=31500  Top.CLK  0x1
t=32000  Top.CLK  0x0
t=32500  Top.CLK  0x1
t=33000  Top.CLK  0x0
t=33500  Top.CLK  0x1
t=34000  Top.CLK  0x0
t=34500  Top.CLK  0x1
t=35000  Top.CLK  0x0
t=35500  Top.CLK  0x1
t=36000  Top.CLK  0x0
t=36500  Top.CLK  0x1
t=37000  Top.CLK  0x0
t=37500  Top.CLK  0x1
t=38000  Top.CLK  0x0
t=38500  Top.CLK  0x1
t=39000  Top.CLK  0x0
t=39500  Top.CLK  0x1
t=40000  Top.CLK  0x0
t=40500  Top.CLK  0x1
t=41000  Top.CLK  0x0
t=41500  Top.CLK  0x1
t=42000  Top.CLK  0x0
t=42500  Top.CLK  0x1
t=43000  Top.CLK  0x0
t=43500  Top.CLK  0x1
t=44000  Top.CLK  0x0
t=44500  Top.CLK  0x1
t=45000  Top.CLK  0x0
t=45500  Top.CLK  0x1
t=46000  Top.CLK  0x0
t=46500  Top.CLK  0x1
t=47000  Top.CLK  0x0
t=47500  Top.CLK  0x1
t=48000  Top.CLK  0x0
t=48500  Top.CLK  0x1
t=49000  Top.CLK  0x0
t=49500  Top.CLK  0x1
t=50000  Top.CLK  0x0
t=50500  Top.CLK  0x1
t=51000  Top.CLK  0x0
t=51500  Top.CLK  0x1
t=52000  Top.CLK  0x0
t=52500  Top.CLK  0x1
t=53000  Top.CLK  0x0
t=53500  Top.CLK  0x1
t=54000  Top.CLK  0x0
t=54500  Top.CLK  0x1
t=55000  Top.CLK  0x0
t=55500  Top.CLK  0x1
t=56000  Top.CLK  0x0
t=56500  Top.CLK  0x1
t=57000  Top.CLK  0x0
t=57500  Top.CLK  0x1
t=58000  Top.CLK  0x0
t=58500  Top.CLK  0x1
t=59000  Top.CLK  0x0
t=59500  Top.CLK  0x1
t=60000  Top.CLK  0x0
t=60500  Top.CLK  0x1
t=61000  Top.CLK  0x0
t=61500  Top.CLK  0x1
t=62000  Top.CLK  0x0
t=62500  Top.CLK  0x1
t=63000  Top.CLK  0x0
t=63500  Top.CLK  0x1
t=64000  Top.CLK  0x0
t=64500  Top.CLK  0x1
t=65000  Top.CLK  0x0
t=65500  Top.CLK  0x1
t=66000  Top.CLK  0x0
t=66500  Top.CLK  0x1
t=67000  Top.CLK  0x0
t=67500  Top.CLK  0x1
t=68000  Top.CLK  0x0
t=68500  Top.CLK  0x1
t=69000  Top.CLK  0x0
t=69500  Top.CLK  0x1
t=70000  Top.CLK  0x0
t=70500  Top.CLK  0x1
t=71000  Top.CLK  0x0
t=71500  Top.CLK  0x1
t=72000  Top.CLK  0x0
t=72500  Top.CLK  0x1
t=73000  Top.CLK  0x0
t=73500  Top.CLK  0x1
t=74000  Top.CLK  0x0
t=74500  Top.CLK  0x1
t=75000  Top.CLK  0x0
t=75500  Top.CLK  0x1
t=76000  Top.CLK  0x0
t=76500  Top.CLK  0x1
t=77000  Top.CLK  0x0
t=77500  Top.CLK  0x1
t=78000  Top.CLK  0x0
t=78500  Top.CLK  0x1
t=79000  Top.CLK  0x0
t=79500  Top.CLK  0x1
t=80000  Top.CLK  0x0
t=80500  Top.CLK  0x1
t=81000  Top.CLK  0x0
t=81500  Top.CLK  0x1
t=82000  Top.CLK  0x0
t=82500  Top.CLK  0x1
t=83000  Top.CLK  0x0
t=83500  Top.CLK  0x1
t=84000  Top.CLK  0x0
t=84500  Top.CLK  0x1
t=85000  Top.CLK  0x0
t=85500  Top.CLK  0x1
t=86000  Top.CLK  0x0
t=86500  Top.CLK  0x1
t=87000  Top.CLK  0x0
t=87500  Top.CLK  0x1
t=88000  Top.CLK  0x0
t=88500  Top.CLK  0x1
t=89000  Top.CLK  0x0
t=89500  Top.CLK  0x1
t=90000  Top.CLK  0x0
t=90500  Top.CLK  0x1
t=91000  Top.CLK  0x0
t=91500  Top.CLK  0x1
t=92000  Top.CLK  0x0
t=92500  Top.CLK  0x1
t=93000  Top.CLK  0x0
t=93500  Top.CLK  0x1
t=94000  Top.CLK  0x0
t=94500  Top.CLK  0x1
t=95000  Top.CLK  0x0
t=95500  Top.CLK  0x1
t=96000  Top.CLK  0x0
t=96500  Top.CLK  0x1
t=97000  Top.CLK  0x0
t=97500  Top.CLK  0x1
t=98000  Top.CLK  0x0
t=98500  Top.CLK  0x1
t=99000  Top.CLK  0x0
t=99500  Top.CLK  0x1
t=100000  Top.CLK  0x0
t=100500  Top.CLK  0x1
t=101000  Top.CLK  0x0
t=101500  Top.CLK  0x1
t=102000  Top.CLK  0x0
t=102500  Top.CLK  0x1
t=103000  Top.CLK  0x0
t=103500  Top.CLK  0x1
t=104000  Top.CLK  0x0
t=104500  Top.CLK  0x1
t=105000  Top.CLK  0x0
t=105500  Top.CLK  0x1
t=106000  Top.CLK  0x0
t=106500  Top.CLK  0x1
t=107000  Top.CLK  0x0
t=107500  Top.CLK  0x1
t=108000  Top.CLK  0x0
t=108500  Top.CLK  0x1
t=109000  Top.CLK  0x0
t=109500  Top.CLK  0x1
t=110000  Top.CLK  0x0
t=110500  Top.CLK  0x1
t=111000  Top.CLK  0x0
t=111500  Top.CLK  0x1
t=112000  Top.CLK  0x0
t=112500  Top.CLK  0x1
t=113000  Top.CLK  0x0
t=113500  Top.CLK  0x1
t=114000  Top.CLK  0x0
t=114500  Top.CLK  0x1
t=115000  Top.CLK  0x0
t=115500  Top.CLK  0x1
t=116000  Top.CLK  0x0
t=116500  Top.CLK  0x1
t=117000  Top.CLK  0x0
t=117500  Top.CLK  0x1
t=118000  Top.CLK  0x0
t=118500  Top.CLK  0x1
t=119000  Top.CLK  0x0
t=119500  Top.CLK  0x1
t=120000  Top.CLK  0x0
t=120500  Top.CLK  0x1
t=121000  Top.CLK  0x0
t=121500  Top.CLK  0x1
t=122000  Top.CLK  0x0
t=122500  Top.CLK  0x1
t=123000  Top.CLK  0x0
t=123500  Top.CLK  0x1
t=124000  Top.CLK  0x0
t=124500  Top.CLK  0x1
t=125000  Top.CLK  0x0
t=125500  Top.CLK  0x1
t=126000  Top.CLK  0x0
t=126500  Top.CLK  0x1
t=127000  Top.CLK  0x0
t=127500  Top.CLK  0x1
t=128000  Top.CLK  0x0
