warning: 'twoscmplt': dependency 'pythonkit' is not used by any target
warning: 'twoscmplt': found 2 file(s) which are unhandled; explicitly declare them as resources or exclude from the target
    /home/Dropbox/programming/Swift/TwosCmplt/Sources/TwosCmplt/Compose
    /home/Dropbox/programming/Swift/TwosCmplt/Sources/TwosCmplt/Save.txt
Found unhandled resource at /home/Dropbox/programming/Swift/TwosCmplt/Examples/Resources/rotations.dat
[0/1] Planning build
[1/1] Compiling plugin Swift-DocC Preview
[2/2] Compiling plugin Swift-DocC
Building for debugging...
[2/29] Write swift-version-757725E5F8C2E6DF.txt
[4/74] Compiling Configuration Span.swift
[5/75] Compiling Configuration FoundationExtensions.swift
[6/75] Compiling Configuration DotSeparatorKeyDecoder.swift
[7/75] Compiling Configuration SeparatorKeyEncoder.swift
[8/75] Compiling Configuration CLISnapshot.swift
[9/75] Compiling Configuration CommandLineArgumentsProvider.swift
[10/75] Compiling Configuration MultiProvider.swift
[11/75] Compiling Configuration CLIArgumentParser.swift
[12/75] Compiling Configuration CLIKeyEncoder.swift
[13/75] Compiling Configuration ConfigKeyEncoder.swift
[14/75] Compiling Configuration KeyMappingProvider.swift
[15/75] Compiling Configuration SecretsSpecifier.swift
[16/75] Compiling Configuration ConfigBytesFromStringDecoder.swift
[17/75] Compiling Configuration FileProviderSnapshot.swift
[18/75] Compiling Configuration JSONSnapshot.swift
[19/75] Compiling Configuration FileAccessLogger.swift
[20/75] Compiling Configuration ConfigContext.swift
[21/75] Compiling Configuration DirectoryFilesProvider.swift
[22/75] Compiling Configuration FileProvider.swift
[23/75] Compiling Configuration EnvironmentVariablesProvider.swift
[24/75] Compiling Configuration CommonProviderFileSystem.swift
[25/75] Compiling Configuration EnvironmentFileParser.swift
[26/75] Compiling Configuration EnvironmentKeyEncoder.swift
[27/75] Compiling Configuration ReloadingFileProvider.swift
[28/75] Compiling Configuration ReloadingFileProviderMetrics.swift
[29/75] Compiling Configuration MutableInMemoryProvider.swift
[30/75] Compiling Configuration ConfigProvider+Operators.swift
[31/75] Compiling Configuration YAMLSnapshot.swift
[32/75] Compiling Configuration InMemoryProvider.swift
[33/75] Compiling Configuration AsyncCombineLatestManySequence.swift
[34/75] Compiling Configuration CombineLatestManyStateMachine.swift
[35/75] Compiling Configuration CombineLatestManyStorage.swift
[36/75] Compiling Configuration AsyncSequences.swift
[37/75] Compiling Configuration ConfigSnapshotReader+methods.swift
[38/75] Compiling Configuration ConfigSnapshotReader.swift
[39/75] Compiling Configuration Deprecations.swift
[40/75] Compiling Configuration ExpressibleByConfigString.swift
[41/75] Emitting module Configuration
[42/75] Compiling Configuration AccessReporter.swift
[43/75] Compiling Configuration AccessLogger.swift
[44/75] Compiling Configuration ConfigKey.swift
[45/75] Compiling Configuration ConfigProvider.swift
[46/75] Compiling Configuration ConfigReader+methods.swift
[47/75] Compiling Configuration ConfigReader.swift
[48/75] Compiling Configuration ConfigProviderHelpers.swift
[49/75] Compiling Configuration ConfigReader+internalHelpers.swift
[51/81] Emitting module TwosCmplt
[53/120] Emitting module Osc2
[54/122] Emitting module CmplxFilter3E
[55/124] Emitting module CmplxOsc1
[56/124] Emitting module Filter3B
[57/127] Emitting module Osc4
[58/129] Emitting module CoeffMltply
[59/131] Emitting module Osc1
[60/131] Compiling Osc1 Osc1.swift
[62/132] Emitting module Filter3C
[63/132] Compiling Filter3C Filter3C.swift
[64/133] Compiling Cordic1 resource_bundle_accessor.swift
[65/133] Compiling Filter3A Filter3A.swift
[66/134] Emitting module Filter3A
[67/134] Emitting module Gates
[68/135] Compiling Interpret Interpret.swift
[69/135] Emitting module Interpret
[71/136] Compiling Filter3B Filter3B.swift
[74/137] Compiling Osc2 Osc2.swift
[75/137] Compiling Gates Gates.swift
[76/139] Emitting module Filter3E
[77/139] Compiling Filter3E Filter3E.swift
[78/139] Emitting module CmplxFilter1A
[79/139] Compiling Filter5B Filter5B.swift
[79/141] Write Objects.LinkFileList
[80/141] Emitting module Filter5B
[81/142] Write Objects.LinkFileList
[83/143] Compiling CmplxFilter1A CmplxFilter1A.swift
[84/143] Compiling CmplxOsc1 CmplxOsc1.swift
[85/145] Write Objects.LinkFileList
[87/146] Compiling Osc3 Osc3.swift
[90/146] Emitting module Osc3
[95/147] Emitting module Cordic1
[96/147] Compiling Cordic1 Cordic1.swift
[96/149] Write Objects.LinkFileList
[100/151] Emitting module CmplxMltply
[101/151] Compiling CmplxMltply CmplxMltply.swift
[101/152] Write Objects.LinkFileList
[104/154] Emitting module Filter5A
[105/154] Compiling Filter5A Filter5A.swift
[105/154] Write Objects.LinkFileList
[116/161] Compiling DigitalExamples DigitalExamples.swift
[117/161] Emitting module DigitalExamples
[118/161] Compiling CmplxFilter3E CmplxFilter3E.swift
[119/164] Compiling TwosCmpltTestingRunner main.swift
[121/164] Emitting module TwosCmpltTestingRunner
[122/164] Emitting module Filter9A
[124/164] Compiling Filter9A Filter9A.swift
[125/165] Emitting module Circuits
[125/167] Write Objects.LinkFileList
[132/169] Compiling Osc4 Osc4.swift
[132/169] Write Objects.LinkFileList
[135/170] Compiling Filter3D Filter3D.swift
[136/170] Emitting module Filter3D
[136/171] Wrapping AST for Circuits for debugging
[137/171] Write Objects.LinkFileList
[141/172] Compiling Cordic2 Cordic2b.swift
[142/172] Emitting module Cordic2
[142/173] Write Objects.LinkFileList
[144/174] Emitting module CmplxFilter5B
[145/174] Compiling CmplxFilter5B CmplxFilter5B.swift
[146/175] Linking Osc1
[147/175] Write Objects.LinkFileList
[150/175] Linking Filter3C
[151/175] Linking Filter3A
[152/175] Linking Gates
[153/176] Write Objects.LinkFileList
[154/176] Linking Filter5B
[155/176] Linking CmplxFilter1A
[156/176] Linking Filter3E
[157/176] Linking CmplxOsc1
[158/176] Linking Filter3B
[159/176] Linking Osc2
[160/176] Linking Interpret
[161/176] Linking Cordic1
[162/176] Linking Osc3
[163/176] Linking CmplxMltply
[164/176] Linking CmplxFilter3E
[165/176] Linking DigitalExamples
[166/176] Linking Filter5A
[167/176] Linking Circuits
[168/176] Linking TwosCmpltTestingRunner
[169/176] Linking Filter9A
[170/176] Linking Filter3D
[171/176] Linking Cordic2
[172/176] Linking Osc4
[173/176] Linking CmplxFilter5B
[175/176] Compiling CoeffMltply CoeffMltply.swift
[176/178] Write Objects.LinkFileList
[177/178] Linking CoeffMltply
Build complete! (10.52s)
